// Jest Snapshot v1, https://goo.gl/fbAQLP

exports[`App matches snapshot 1`] = `
[
  <div
    className="container flex flex-col mx-auto mb-8"
  >
    <div
      className="navbar bg-base-100 mb-4 sticky top-0 z-[99]"
    >
      <div
        className="navbar-start w-auto"
      >
        <div
          className="dropdown"
        >
          <div
            className="btn btn-ghost btn-circle"
            role="button"
            tabIndex={0}
          >
            <svg
              className="h-5 w-5"
              fill="none"
              stroke="currentColor"
              viewBox="0 0 24 24"
              xmlns="http://www.w3.org/2000/svg"
            >
              <path
                d="M4 6h16M4 12h16M4 18h7"
                strokeLinecap="round"
                strokeLinejoin="round"
                strokeWidth="2"
              />
            </svg>
          </div>
          <ul
            className="menu menu-md dropdown-content mt-3 z-[99]
                                    p-2 shadow bg-base-300 rounded-box w-52"
            tabIndex={0}
          >
            <li>
              <a
                onClick={[Function]}
              >
                Overview
              </a>
            </li>
            <li>
              <a
                href="/manage/0640ec3b-1bed-4b15-a078-d6e7ec66be14"
              >
                Go to tray
              </a>
            </li>
            <li>
              <a
                onClick={[Function]}
              >
                Remove from tray
              </a>
            </li>
            <li>
              <a
                onClick={[Function]}
              >
                Repot plant
              </a>
            </li>
            <li>
              <a
                onClick={[Function]}
              >
                Upload photos
              </a>
            </li>
            <li>
              <a
                onClick={[Function]}
              >
                Light mode
              </a>
            </li>
          </ul>
        </div>
      </div>
      <div
        className="navbar-center mx-auto"
      >
        <div
          className="dropdown dropdown-center"
        >
          <a
            className="btn btn-ghost"
            role="button"
            style={
              {
                "fontSize": "32px",
              }
            }
            tabIndex={0}
          >
            Test Plant
          </a>
          <div
            className="dropdown-content z-[1] flex"
            tabIndex={0}
          >
            <div
              className="card card-compact w-72 p-2 mt-2 mx-auto
                        shadow bg-neutral text-neutral-content"
            >
              <div
                className="card-body"
              >
                <p
                  className="flex"
                >
                  <span
                    className="font-semibold"
                  >
                    Species:
                  </span>
                  <span
                    className="ml-auto text-right"
                  >
                    Calathea
                  </span>
                </p>
                <p
                  className="flex"
                >
                  <span
                    className="font-semibold"
                  >
                    Pot size:
                  </span>
                  <span
                    className="ml-auto text-right"
                  >
                    4
                  </span>
                </p>
                <div
                  className="text-center"
                >
                  <p
                    className="font-semibold mt-3"
                  >
                    Description:
                  </p>
                  <p
                    className="text-sm line-clamp-6"
                  >
                    This is a plant with a long description
                  </p>
                </div>
                <button
                  className="btn btn-sm mt-4"
                  onClick={[Function]}
                >
                  Edit
                </button>
              </div>
            </div>
          </div>
        </div>
      </div>
      <div
        className="navbar-end w-auto invisible"
      >
        <div
          className="btn btn-ghost btn-circle"
          role="button"
          tabIndex={0}
        >
          <svg
            className="h-5 w-5"
            fill="none"
            stroke="currentColor"
            viewBox="0 0 24 24"
            xmlns="http://www.w3.org/2000/svg"
          >
            <path
              d="M4 6h16M4 12h16M4 18h7"
              strokeLinecap="round"
              strokeLinejoin="round"
              strokeWidth="2"
            />
          </svg>
        </div>
      </div>
    </div>
    <div
      className="card card-compact mb-8 mx-auto bg-base-200
                                     text-center px-8"
    >
      <div
        className="card-body"
      >
        <p
          className="text-sm"
        >
          Plant is in tray:
        </p>
        <p
          className="text-xl font-bold"
        >
          <a
            href="/manage/0640ec3b-1bed-4b15-a078-d6e7ec66be14"
          >
            Test tray
          </a>
        </p>
      </div>
    </div>
    <div
      className="flex flex-col text-center"
    >
      <span
        className="text-lg"
      >
        Watered 14 hours ago
      </span>
      <span
        className="text-lg"
      >
        Fertilized 14 hours ago
      </span>
      <input
        className="input input-bordered mx-auto my-2"
        defaultValue="2024-03-01T12:00:00"
        step="1"
        type="datetime-local"
      />
      <div
        className="flex mx-auto"
      >
        <button
          className="btn btn-info m-2"
          onClick={[Function]}
        >
          Water
        </button>
        <button
          className="btn btn-success m-2"
          onClick={[Function]}
        >
          Fertilize
        </button>
        <button
          className="btn btn-prune m-2"
          onClick={[Function]}
        >
          Prune
        </button>
      </div>
    </div>
    <div
      className="mx-auto my-16"
    >
      <div
        className="react-calendar"
      >
        <div
          className="react-calendar__navigation"
        >
          <button
            aria-label=""
            className="react-calendar__navigation__arrow react-calendar__navigation__prev2-button"
            disabled={false}
            onClick={[Function]}
            type="button"
          >
            «
          </button>
          <button
            aria-label=""
            className="react-calendar__navigation__arrow react-calendar__navigation__prev-button"
            disabled={false}
            onClick={[Function]}
            type="button"
          >
            <svg
              aria-hidden="true"
              className="w-6 h-6 m-auto"
              data-slot="icon"
              fill="currentColor"
              viewBox="0 0 16 16"
              xmlns="http://www.w3.org/2000/svg"
            >
              <path
                clipRule="evenodd"
                d="M9.78 4.22a.75.75 0 0 1 0 1.06L7.06 8l2.72 2.72a.75.75 0 1 1-1.06 1.06L5.47 8.53a.75.75 0 0 1 0-1.06l3.25-3.25a.75.75 0 0 1 1.06 0Z"
                fillRule="evenodd"
              />
            </svg>
          </button>
          <button
            aria-label=""
            className="react-calendar__navigation__label"
            disabled={false}
            onClick={[Function]}
            style={
              {
                "flexGrow": 1,
              }
            }
            type="button"
          >
            <span
              className="react-calendar__navigation__label__labelText react-calendar__navigation__label__labelText--from"
            >
              March 2024
            </span>
          </button>
          <button
            aria-label=""
            className="react-calendar__navigation__arrow react-calendar__navigation__next-button"
            disabled={false}
            onClick={[Function]}
            type="button"
          >
            <svg
              aria-hidden="true"
              className="w-6 h-6 m-auto"
              data-slot="icon"
              fill="currentColor"
              viewBox="0 0 16 16"
              xmlns="http://www.w3.org/2000/svg"
            >
              <path
                clipRule="evenodd"
                d="M6.22 4.22a.75.75 0 0 1 1.06 0l3.25 3.25a.75.75 0 0 1 0 1.06l-3.25 3.25a.75.75 0 0 1-1.06-1.06L8.94 8 6.22 5.28a.75.75 0 0 1 0-1.06Z"
                fillRule="evenodd"
              />
            </svg>
          </button>
          <button
            aria-label=""
            className="react-calendar__navigation__arrow react-calendar__navigation__next2-button"
            disabled={false}
            onClick={[Function]}
            type="button"
          >
            »
          </button>
        </div>
        <div
          className="react-calendar__viewContainer"
        >
          <div
            className="react-calendar__month-view"
          >
            <div
              style={
                {
                  "alignItems": "flex-end",
                  "display": "flex",
                }
              }
            >
              <div
                style={
                  {
                    "flexGrow": 1,
                    "width": "100%",
                  }
                }
              >
                <div
                  className="react-calendar__month-view__weekdays"
                  style={
                    {
                      "display": "flex",
                      "flexDirection": undefined,
                      "flexWrap": "nowrap",
                    }
                  }
                >
                  <div
                    className="react-calendar__month-view__weekdays__weekday react-calendar__month-view__weekdays__weekday--weekend"
                    style={
                      {
                        "flexBasis": "14.285714285714286%",
                        "flexGrow": 0,
                        "flexShrink": 0,
                        "marginInlineEnd": 0,
                        "marginInlineStart": null,
                        "marginLeft": null,
                        "overflow": "hidden",
                      }
                    }
                  >
                    <abbr
                      aria-label="Sunday"
                      title="Sunday"
                    >
                      Sun
                    </abbr>
                  </div>
                  <div
                    className="react-calendar__month-view__weekdays__weekday"
                    style={
                      {
                        "flexBasis": "14.285714285714286%",
                        "flexGrow": 0,
                        "flexShrink": 0,
                        "marginInlineEnd": 0,
                        "marginInlineStart": null,
                        "marginLeft": null,
                        "overflow": "hidden",
                      }
                    }
                  >
                    <abbr
                      aria-label="Monday"
                      title="Monday"
                    >
                      Mon
                    </abbr>
                  </div>
                  <div
                    className="react-calendar__month-view__weekdays__weekday"
                    style={
                      {
                        "flexBasis": "14.285714285714286%",
                        "flexGrow": 0,
                        "flexShrink": 0,
                        "marginInlineEnd": 0,
                        "marginInlineStart": null,
                        "marginLeft": null,
                        "overflow": "hidden",
                      }
                    }
                  >
                    <abbr
                      aria-label="Tuesday"
                      title="Tuesday"
                    >
                      Tue
                    </abbr>
                  </div>
                  <div
                    className="react-calendar__month-view__weekdays__weekday"
                    style={
                      {
                        "flexBasis": "14.285714285714286%",
                        "flexGrow": 0,
                        "flexShrink": 0,
                        "marginInlineEnd": 0,
                        "marginInlineStart": null,
                        "marginLeft": null,
                        "overflow": "hidden",
                      }
                    }
                  >
                    <abbr
                      aria-label="Wednesday"
                      title="Wednesday"
                    >
                      Wed
                    </abbr>
                  </div>
                  <div
                    className="react-calendar__month-view__weekdays__weekday"
                    style={
                      {
                        "flexBasis": "14.285714285714286%",
                        "flexGrow": 0,
                        "flexShrink": 0,
                        "marginInlineEnd": 0,
                        "marginInlineStart": null,
                        "marginLeft": null,
                        "overflow": "hidden",
                      }
                    }
                  >
                    <abbr
                      aria-label="Thursday"
                      title="Thursday"
                    >
                      Thu
                    </abbr>
                  </div>
                  <div
                    className="react-calendar__month-view__weekdays__weekday react-calendar__month-view__weekdays__weekday--current"
                    style={
                      {
                        "flexBasis": "14.285714285714286%",
                        "flexGrow": 0,
                        "flexShrink": 0,
                        "marginInlineEnd": 0,
                        "marginInlineStart": null,
                        "marginLeft": null,
                        "overflow": "hidden",
                      }
                    }
                  >
                    <abbr
                      aria-label="Friday"
                      title="Friday"
                    >
                      Fri
                    </abbr>
                  </div>
                  <div
                    className="react-calendar__month-view__weekdays__weekday react-calendar__month-view__weekdays__weekday--weekend"
                    style={
                      {
                        "flexBasis": "14.285714285714286%",
                        "flexGrow": 0,
                        "flexShrink": 0,
                        "marginInlineEnd": 0,
                        "marginInlineStart": null,
                        "marginLeft": null,
                        "overflow": "hidden",
                      }
                    }
                  >
                    <abbr
                      aria-label="Saturday"
                      title="Saturday"
                    >
                      Sat
                    </abbr>
                  </div>
                </div>
                <div
                  className="react-calendar__month-view__days"
                  style={
                    {
                      "display": "flex",
                      "flexDirection": undefined,
                      "flexWrap": "wrap",
                    }
                  }
                >
                  <button
                    className="react-calendar__tile react-calendar__month-view__days__day react-calendar__month-view__days__day--weekend react-calendar__month-view__days__day--neighboringMonth"
                    onClick={[Function]}
                    style={
                      {
                        "flexBasis": "14.285714285714286%",
                        "flexGrow": 0,
                        "flexShrink": 0,
                        "marginInlineEnd": 0,
                        "marginInlineStart": null,
                        "marginLeft": null,
                        "overflow": "hidden",
                      }
                    }
                    type="button"
                  >
                    <abbr
                      aria-label="February 25, 2024"
                    >
                      25
                    </abbr>
                    <div
                      className="dots"
                    >
                      <span
                        className="dot dot-fertilize"
                      />
                    </div>
                  </button>
                  <button
                    className="react-calendar__tile react-calendar__month-view__days__day react-calendar__month-view__days__day--neighboringMonth"
                    onClick={[Function]}
                    style={
                      {
                        "flexBasis": "14.285714285714286%",
                        "flexGrow": 0,
                        "flexShrink": 0,
                        "marginInlineEnd": 0,
                        "marginInlineStart": null,
                        "marginLeft": null,
                        "overflow": "hidden",
                      }
                    }
                    type="button"
                  >
                    <abbr
                      aria-label="February 26, 2024"
                    >
                      26
                    </abbr>
                    <div
                      className="dots"
                    />
                  </button>
                  <button
                    className="react-calendar__tile react-calendar__month-view__days__day react-calendar__month-view__days__day--neighboringMonth"
                    onClick={[Function]}
                    style={
                      {
                        "flexBasis": "14.285714285714286%",
                        "flexGrow": 0,
                        "flexShrink": 0,
                        "marginInlineEnd": 0,
                        "marginInlineStart": null,
                        "marginLeft": null,
                        "overflow": "hidden",
                      }
                    }
                    type="button"
                  >
                    <abbr
                      aria-label="February 27, 2024"
                    >
                      27
                    </abbr>
                    <div
                      className="dots"
                    />
                  </button>
                  <button
                    className="react-calendar__tile react-calendar__month-view__days__day react-calendar__month-view__days__day--neighboringMonth"
                    onClick={[Function]}
                    style={
                      {
                        "flexBasis": "14.285714285714286%",
                        "flexGrow": 0,
                        "flexShrink": 0,
                        "marginInlineEnd": 0,
                        "marginInlineStart": null,
                        "marginLeft": null,
                        "overflow": "hidden",
                      }
                    }
                    type="button"
                  >
                    <abbr
                      aria-label="February 28, 2024"
                    >
                      28
                    </abbr>
                    <div
                      className="dots"
                    />
                  </button>
                  <button
                    className="react-calendar__tile react-calendar__month-view__days__day react-calendar__month-view__days__day--neighboringMonth"
                    onClick={[Function]}
                    style={
                      {
                        "flexBasis": "14.285714285714286%",
                        "flexGrow": 0,
                        "flexShrink": 0,
                        "marginInlineEnd": 0,
                        "marginInlineStart": null,
                        "marginLeft": null,
                        "overflow": "hidden",
                      }
                    }
                    type="button"
                  >
                    <abbr
                      aria-label="February 29, 2024"
                    >
                      29
                    </abbr>
                    <div
                      className="dots"
                    >
                      <span
                        className="dot dot-water"
                      />
                      <span
                        className="dot dot-fertilize"
                      />
                    </div>
                  </button>
                  <button
                    className="react-calendar__tile react-calendar__tile--now react-calendar__month-view__days__day"
                    onClick={[Function]}
                    style={
                      {
                        "flexBasis": "14.285714285714286%",
                        "flexGrow": 0,
                        "flexShrink": 0,
                        "marginInlineEnd": 0,
                        "marginInlineStart": null,
                        "marginLeft": null,
                        "overflow": "hidden",
                      }
                    }
                    type="button"
                  >
                    <abbr
                      aria-label="March 1, 2024"
                    >
                      1
                    </abbr>
                    <div
                      className="dots"
                    />
                  </button>
                  <button
                    className="react-calendar__tile react-calendar__month-view__days__day react-calendar__month-view__days__day--weekend"
                    onClick={[Function]}
                    style={
                      {
                        "flexBasis": "14.285714285714286%",
                        "flexGrow": 0,
                        "flexShrink": 0,
                        "marginInlineEnd": 0,
                        "marginInlineStart": null,
                        "marginLeft": null,
                        "overflow": "hidden",
                      }
                    }
                    type="button"
                  >
                    <abbr
                      aria-label="March 2, 2024"
                    >
                      2
                    </abbr>
                    <div
                      className="dots"
                    />
                  </button>
                  <button
                    className="react-calendar__tile react-calendar__month-view__days__day react-calendar__month-view__days__day--weekend"
                    onClick={[Function]}
                    style={
                      {
                        "flexBasis": "14.285714285714286%",
                        "flexGrow": 0,
                        "flexShrink": 0,
                        "marginInlineEnd": 0,
                        "marginInlineStart": null,
                        "marginLeft": null,
                        "overflow": "hidden",
                      }
                    }
                    type="button"
                  >
                    <abbr
                      aria-label="March 3, 2024"
                    >
                      3
                    </abbr>
                    <div
                      className="dots"
                    />
                  </button>
                  <button
                    className="react-calendar__tile react-calendar__month-view__days__day"
                    onClick={[Function]}
                    style={
                      {
                        "flexBasis": "14.285714285714286%",
                        "flexGrow": 0,
                        "flexShrink": 0,
                        "marginInlineEnd": 0,
                        "marginInlineStart": null,
                        "marginLeft": null,
                        "overflow": "hidden",
                      }
                    }
                    type="button"
                  >
                    <abbr
                      aria-label="March 4, 2024"
                    >
                      4
                    </abbr>
                    <div
                      className="dots"
                    />
                  </button>
                  <button
                    className="react-calendar__tile react-calendar__month-view__days__day"
                    onClick={[Function]}
                    style={
                      {
                        "flexBasis": "14.285714285714286%",
                        "flexGrow": 0,
                        "flexShrink": 0,
                        "marginInlineEnd": 0,
                        "marginInlineStart": null,
                        "marginLeft": null,
                        "overflow": "hidden",
                      }
                    }
                    type="button"
                  >
                    <abbr
                      aria-label="March 5, 2024"
                    >
                      5
                    </abbr>
                    <div
                      className="dots"
                    />
                  </button>
                  <button
                    className="react-calendar__tile react-calendar__month-view__days__day"
                    onClick={[Function]}
                    style={
                      {
                        "flexBasis": "14.285714285714286%",
                        "flexGrow": 0,
                        "flexShrink": 0,
                        "marginInlineEnd": 0,
                        "marginInlineStart": null,
                        "marginLeft": null,
                        "overflow": "hidden",
                      }
                    }
                    type="button"
                  >
                    <abbr
                      aria-label="March 6, 2024"
                    >
                      6
                    </abbr>
                    <div
                      className="dots"
                    />
                  </button>
                  <button
                    className="react-calendar__tile react-calendar__month-view__days__day"
                    onClick={[Function]}
                    style={
                      {
                        "flexBasis": "14.285714285714286%",
                        "flexGrow": 0,
                        "flexShrink": 0,
                        "marginInlineEnd": 0,
                        "marginInlineStart": null,
                        "marginLeft": null,
                        "overflow": "hidden",
                      }
                    }
                    type="button"
                  >
                    <abbr
                      aria-label="March 7, 2024"
                    >
                      7
                    </abbr>
                    <div
                      className="dots"
                    />
                  </button>
                  <button
                    className="react-calendar__tile react-calendar__month-view__days__day"
                    onClick={[Function]}
                    style={
                      {
                        "flexBasis": "14.285714285714286%",
                        "flexGrow": 0,
                        "flexShrink": 0,
                        "marginInlineEnd": 0,
                        "marginInlineStart": null,
                        "marginLeft": null,
                        "overflow": "hidden",
                      }
                    }
                    type="button"
                  >
                    <abbr
                      aria-label="March 8, 2024"
                    >
                      8
                    </abbr>
                    <div
                      className="dots"
                    />
                  </button>
                  <button
                    className="react-calendar__tile react-calendar__month-view__days__day react-calendar__month-view__days__day--weekend"
                    onClick={[Function]}
                    style={
                      {
                        "flexBasis": "14.285714285714286%",
                        "flexGrow": 0,
                        "flexShrink": 0,
                        "marginInlineEnd": 0,
                        "marginInlineStart": null,
                        "marginLeft": null,
                        "overflow": "hidden",
                      }
                    }
                    type="button"
                  >
                    <abbr
                      aria-label="March 9, 2024"
                    >
                      9
                    </abbr>
                    <div
                      className="dots"
                    />
                  </button>
                  <button
                    className="react-calendar__tile react-calendar__month-view__days__day react-calendar__month-view__days__day--weekend"
                    onClick={[Function]}
                    style={
                      {
                        "flexBasis": "14.285714285714286%",
                        "flexGrow": 0,
                        "flexShrink": 0,
                        "marginInlineEnd": 0,
                        "marginInlineStart": null,
                        "marginLeft": null,
                        "overflow": "hidden",
                      }
                    }
                    type="button"
                  >
                    <abbr
                      aria-label="March 10, 2024"
                    >
                      10
                    </abbr>
                    <div
                      className="dots"
                    />
                  </button>
                  <button
                    className="react-calendar__tile react-calendar__month-view__days__day"
                    onClick={[Function]}
                    style={
                      {
                        "flexBasis": "14.285714285714286%",
                        "flexGrow": 0,
                        "flexShrink": 0,
                        "marginInlineEnd": 0,
                        "marginInlineStart": null,
                        "marginLeft": null,
                        "overflow": "hidden",
                      }
                    }
                    type="button"
                  >
                    <abbr
                      aria-label="March 11, 2024"
                    >
                      11
                    </abbr>
                    <div
                      className="dots"
                    />
                  </button>
                  <button
                    className="react-calendar__tile react-calendar__month-view__days__day"
                    onClick={[Function]}
                    style={
                      {
                        "flexBasis": "14.285714285714286%",
                        "flexGrow": 0,
                        "flexShrink": 0,
                        "marginInlineEnd": 0,
                        "marginInlineStart": null,
                        "marginLeft": null,
                        "overflow": "hidden",
                      }
                    }
                    type="button"
                  >
                    <abbr
                      aria-label="March 12, 2024"
                    >
                      12
                    </abbr>
                    <div
                      className="dots"
                    />
                  </button>
                  <button
                    className="react-calendar__tile react-calendar__month-view__days__day"
                    onClick={[Function]}
                    style={
                      {
                        "flexBasis": "14.285714285714286%",
                        "flexGrow": 0,
                        "flexShrink": 0,
                        "marginInlineEnd": 0,
                        "marginInlineStart": null,
                        "marginLeft": null,
                        "overflow": "hidden",
                      }
                    }
                    type="button"
                  >
                    <abbr
                      aria-label="March 13, 2024"
                    >
                      13
                    </abbr>
                    <div
                      className="dots"
                    />
                  </button>
                  <button
                    className="react-calendar__tile react-calendar__month-view__days__day"
                    onClick={[Function]}
                    style={
                      {
                        "flexBasis": "14.285714285714286%",
                        "flexGrow": 0,
                        "flexShrink": 0,
                        "marginInlineEnd": 0,
                        "marginInlineStart": null,
                        "marginLeft": null,
                        "overflow": "hidden",
                      }
                    }
                    type="button"
                  >
                    <abbr
                      aria-label="March 14, 2024"
                    >
                      14
                    </abbr>
                    <div
                      className="dots"
                    />
                  </button>
                  <button
                    className="react-calendar__tile react-calendar__month-view__days__day"
                    onClick={[Function]}
                    style={
                      {
                        "flexBasis": "14.285714285714286%",
                        "flexGrow": 0,
                        "flexShrink": 0,
                        "marginInlineEnd": 0,
                        "marginInlineStart": null,
                        "marginLeft": null,
                        "overflow": "hidden",
                      }
                    }
                    type="button"
                  >
                    <abbr
                      aria-label="March 15, 2024"
                    >
                      15
                    </abbr>
                    <div
                      className="dots"
                    />
                  </button>
                  <button
                    className="react-calendar__tile react-calendar__month-view__days__day react-calendar__month-view__days__day--weekend"
                    onClick={[Function]}
                    style={
                      {
                        "flexBasis": "14.285714285714286%",
                        "flexGrow": 0,
                        "flexShrink": 0,
                        "marginInlineEnd": 0,
                        "marginInlineStart": null,
                        "marginLeft": null,
                        "overflow": "hidden",
                      }
                    }
                    type="button"
                  >
                    <abbr
                      aria-label="March 16, 2024"
                    >
                      16
                    </abbr>
                    <div
                      className="dots"
                    />
                  </button>
                  <button
                    className="react-calendar__tile react-calendar__month-view__days__day react-calendar__month-view__days__day--weekend"
                    onClick={[Function]}
                    style={
                      {
                        "flexBasis": "14.285714285714286%",
                        "flexGrow": 0,
                        "flexShrink": 0,
                        "marginInlineEnd": 0,
                        "marginInlineStart": null,
                        "marginLeft": null,
                        "overflow": "hidden",
                      }
                    }
                    type="button"
                  >
                    <abbr
                      aria-label="March 17, 2024"
                    >
                      17
                    </abbr>
                    <div
                      className="dots"
                    />
                  </button>
                  <button
                    className="react-calendar__tile react-calendar__month-view__days__day"
                    onClick={[Function]}
                    style={
                      {
                        "flexBasis": "14.285714285714286%",
                        "flexGrow": 0,
                        "flexShrink": 0,
                        "marginInlineEnd": 0,
                        "marginInlineStart": null,
                        "marginLeft": null,
                        "overflow": "hidden",
                      }
                    }
                    type="button"
                  >
                    <abbr
                      aria-label="March 18, 2024"
                    >
                      18
                    </abbr>
                    <div
                      className="dots"
                    />
                  </button>
                  <button
                    className="react-calendar__tile react-calendar__month-view__days__day"
                    onClick={[Function]}
                    style={
                      {
                        "flexBasis": "14.285714285714286%",
                        "flexGrow": 0,
                        "flexShrink": 0,
                        "marginInlineEnd": 0,
                        "marginInlineStart": null,
                        "marginLeft": null,
                        "overflow": "hidden",
                      }
                    }
                    type="button"
                  >
                    <abbr
                      aria-label="March 19, 2024"
                    >
                      19
                    </abbr>
                    <div
                      className="dots"
                    />
                  </button>
                  <button
                    className="react-calendar__tile react-calendar__month-view__days__day"
                    onClick={[Function]}
                    style={
                      {
                        "flexBasis": "14.285714285714286%",
                        "flexGrow": 0,
                        "flexShrink": 0,
                        "marginInlineEnd": 0,
                        "marginInlineStart": null,
                        "marginLeft": null,
                        "overflow": "hidden",
                      }
                    }
                    type="button"
                  >
                    <abbr
                      aria-label="March 20, 2024"
                    >
                      20
                    </abbr>
                    <div
                      className="dots"
                    />
                  </button>
                  <button
                    className="react-calendar__tile react-calendar__month-view__days__day"
                    onClick={[Function]}
                    style={
                      {
                        "flexBasis": "14.285714285714286%",
                        "flexGrow": 0,
                        "flexShrink": 0,
                        "marginInlineEnd": 0,
                        "marginInlineStart": null,
                        "marginLeft": null,
                        "overflow": "hidden",
                      }
                    }
                    type="button"
                  >
                    <abbr
                      aria-label="March 21, 2024"
                    >
                      21
                    </abbr>
                    <div
                      className="dots"
                    />
                  </button>
                  <button
                    className="react-calendar__tile react-calendar__month-view__days__day"
                    onClick={[Function]}
                    style={
                      {
                        "flexBasis": "14.285714285714286%",
                        "flexGrow": 0,
                        "flexShrink": 0,
                        "marginInlineEnd": 0,
                        "marginInlineStart": null,
                        "marginLeft": null,
                        "overflow": "hidden",
                      }
                    }
                    type="button"
                  >
                    <abbr
                      aria-label="March 22, 2024"
                    >
                      22
                    </abbr>
                    <div
                      className="dots"
                    />
                  </button>
                  <button
                    className="react-calendar__tile react-calendar__month-view__days__day react-calendar__month-view__days__day--weekend"
                    onClick={[Function]}
                    style={
                      {
                        "flexBasis": "14.285714285714286%",
                        "flexGrow": 0,
                        "flexShrink": 0,
                        "marginInlineEnd": 0,
                        "marginInlineStart": null,
                        "marginLeft": null,
                        "overflow": "hidden",
                      }
                    }
                    type="button"
                  >
                    <abbr
                      aria-label="March 23, 2024"
                    >
                      23
                    </abbr>
                    <div
                      className="dots"
                    />
                  </button>
                  <button
                    className="react-calendar__tile react-calendar__month-view__days__day react-calendar__month-view__days__day--weekend"
                    onClick={[Function]}
                    style={
                      {
                        "flexBasis": "14.285714285714286%",
                        "flexGrow": 0,
                        "flexShrink": 0,
                        "marginInlineEnd": 0,
                        "marginInlineStart": null,
                        "marginLeft": null,
                        "overflow": "hidden",
                      }
                    }
                    type="button"
                  >
                    <abbr
                      aria-label="March 24, 2024"
                    >
                      24
                    </abbr>
                    <div
                      className="dots"
                    />
                  </button>
                  <button
                    className="react-calendar__tile react-calendar__month-view__days__day"
                    onClick={[Function]}
                    style={
                      {
                        "flexBasis": "14.285714285714286%",
                        "flexGrow": 0,
                        "flexShrink": 0,
                        "marginInlineEnd": 0,
                        "marginInlineStart": null,
                        "marginLeft": null,
                        "overflow": "hidden",
                      }
                    }
                    type="button"
                  >
                    <abbr
                      aria-label="March 25, 2024"
                    >
                      25
                    </abbr>
                    <div
                      className="dots"
                    />
                  </button>
                  <button
                    className="react-calendar__tile react-calendar__month-view__days__day"
                    onClick={[Function]}
                    style={
                      {
                        "flexBasis": "14.285714285714286%",
                        "flexGrow": 0,
                        "flexShrink": 0,
                        "marginInlineEnd": 0,
                        "marginInlineStart": null,
                        "marginLeft": null,
                        "overflow": "hidden",
                      }
                    }
                    type="button"
                  >
                    <abbr
                      aria-label="March 26, 2024"
                    >
                      26
                    </abbr>
                    <div
                      className="dots"
                    />
                  </button>
                  <button
                    className="react-calendar__tile react-calendar__month-view__days__day"
                    onClick={[Function]}
                    style={
                      {
                        "flexBasis": "14.285714285714286%",
                        "flexGrow": 0,
                        "flexShrink": 0,
                        "marginInlineEnd": 0,
                        "marginInlineStart": null,
                        "marginLeft": null,
                        "overflow": "hidden",
                      }
                    }
                    type="button"
                  >
                    <abbr
                      aria-label="March 27, 2024"
                    >
                      27
                    </abbr>
                    <div
                      className="dots"
                    />
                  </button>
                  <button
                    className="react-calendar__tile react-calendar__month-view__days__day"
                    onClick={[Function]}
                    style={
                      {
                        "flexBasis": "14.285714285714286%",
                        "flexGrow": 0,
                        "flexShrink": 0,
                        "marginInlineEnd": 0,
                        "marginInlineStart": null,
                        "marginLeft": null,
                        "overflow": "hidden",
                      }
                    }
                    type="button"
                  >
                    <abbr
                      aria-label="March 28, 2024"
                    >
                      28
                    </abbr>
                    <div
                      className="dots"
                    />
                  </button>
                  <button
                    className="react-calendar__tile react-calendar__month-view__days__day"
                    onClick={[Function]}
                    style={
                      {
                        "flexBasis": "14.285714285714286%",
                        "flexGrow": 0,
                        "flexShrink": 0,
                        "marginInlineEnd": 0,
                        "marginInlineStart": null,
                        "marginLeft": null,
                        "overflow": "hidden",
                      }
                    }
                    type="button"
                  >
                    <abbr
                      aria-label="March 29, 2024"
                    >
                      29
                    </abbr>
                    <div
                      className="dots"
                    />
                  </button>
                  <button
                    className="react-calendar__tile react-calendar__month-view__days__day react-calendar__month-view__days__day--weekend"
                    onClick={[Function]}
                    style={
                      {
                        "flexBasis": "14.285714285714286%",
                        "flexGrow": 0,
                        "flexShrink": 0,
                        "marginInlineEnd": 0,
                        "marginInlineStart": null,
                        "marginLeft": null,
                        "overflow": "hidden",
                      }
                    }
                    type="button"
                  >
                    <abbr
                      aria-label="March 30, 2024"
                    >
                      30
                    </abbr>
                    <div
                      className="dots"
                    />
                  </button>
                  <button
                    className="react-calendar__tile react-calendar__month-view__days__day react-calendar__month-view__days__day--weekend"
                    onClick={[Function]}
                    style={
                      {
                        "flexBasis": "14.285714285714286%",
                        "flexGrow": 0,
                        "flexShrink": 0,
                        "marginInlineEnd": 0,
                        "marginInlineStart": null,
                        "marginLeft": null,
                        "overflow": "hidden",
                      }
                    }
                    type="button"
                  >
                    <abbr
                      aria-label="March 31, 2024"
                    >
                      31
                    </abbr>
                    <div
                      className="dots"
                    />
                  </button>
                  <button
                    className="react-calendar__tile react-calendar__month-view__days__day react-calendar__month-view__days__day--neighboringMonth"
                    onClick={[Function]}
                    style={
                      {
                        "flexBasis": "14.285714285714286%",
                        "flexGrow": 0,
                        "flexShrink": 0,
                        "marginInlineEnd": 0,
                        "marginInlineStart": null,
                        "marginLeft": null,
                        "overflow": "hidden",
                      }
                    }
                    type="button"
                  >
                    <abbr
                      aria-label="April 1, 2024"
                    >
                      1
                    </abbr>
                    <div
                      className="dots"
                    />
                  </button>
                  <button
                    className="react-calendar__tile react-calendar__month-view__days__day react-calendar__month-view__days__day--neighboringMonth"
                    onClick={[Function]}
                    style={
                      {
                        "flexBasis": "14.285714285714286%",
                        "flexGrow": 0,
                        "flexShrink": 0,
                        "marginInlineEnd": 0,
                        "marginInlineStart": null,
                        "marginLeft": null,
                        "overflow": "hidden",
                      }
                    }
                    type="button"
                  >
                    <abbr
                      aria-label="April 2, 2024"
                    >
                      2
                    </abbr>
                    <div
                      className="dots"
                    />
                  </button>
                  <button
                    className="react-calendar__tile react-calendar__month-view__days__day react-calendar__month-view__days__day--neighboringMonth"
                    onClick={[Function]}
                    style={
                      {
                        "flexBasis": "14.285714285714286%",
                        "flexGrow": 0,
                        "flexShrink": 0,
                        "marginInlineEnd": 0,
                        "marginInlineStart": null,
                        "marginLeft": null,
                        "overflow": "hidden",
                      }
                    }
                    type="button"
                  >
                    <abbr
                      aria-label="April 3, 2024"
                    >
                      3
                    </abbr>
                    <div
                      className="dots"
                    />
                  </button>
                  <button
                    className="react-calendar__tile react-calendar__month-view__days__day react-calendar__month-view__days__day--neighboringMonth"
                    onClick={[Function]}
                    style={
                      {
                        "flexBasis": "14.285714285714286%",
                        "flexGrow": 0,
                        "flexShrink": 0,
                        "marginInlineEnd": 0,
                        "marginInlineStart": null,
                        "marginLeft": null,
                        "overflow": "hidden",
                      }
                    }
                    type="button"
                  >
                    <abbr
                      aria-label="April 4, 2024"
                    >
                      4
                    </abbr>
                    <div
                      className="dots"
                    />
                  </button>
                  <button
                    className="react-calendar__tile react-calendar__month-view__days__day react-calendar__month-view__days__day--neighboringMonth"
                    onClick={[Function]}
                    style={
                      {
                        "flexBasis": "14.285714285714286%",
                        "flexGrow": 0,
                        "flexShrink": 0,
                        "marginInlineEnd": 0,
                        "marginInlineStart": null,
                        "marginLeft": null,
                        "overflow": "hidden",
                      }
                    }
                    type="button"
                  >
                    <abbr
                      aria-label="April 5, 2024"
                    >
                      5
                    </abbr>
                    <div
                      className="dots"
                    />
                  </button>
                  <button
                    className="react-calendar__tile react-calendar__month-view__days__day react-calendar__month-view__days__day--weekend react-calendar__month-view__days__day--neighboringMonth"
                    onClick={[Function]}
                    style={
                      {
                        "flexBasis": "14.285714285714286%",
                        "flexGrow": 0,
                        "flexShrink": 0,
                        "marginInlineEnd": 0,
                        "marginInlineStart": null,
                        "marginLeft": null,
                        "overflow": "hidden",
                      }
                    }
                    type="button"
                  >
                    <abbr
                      aria-label="April 6, 2024"
                    >
                      6
                    </abbr>
                    <div
                      className="dots"
                    />
                  </button>
                </div>
              </div>
            </div>
          </div>
        </div>
      </div>
    </div>
    <div
      className="grid grid-cols-1 md:grid-cols-3 mx-auto"
    >
      <div
        className="md:mr-8 mb-8"
      >
        <div
          className="collapse bg-base-200 w-96 px-4 mx-auto max-w-90 md:max-w-full"
        >
          <input
            defaultChecked={false}
            onChange={[Function]}
            type="checkbox"
          />
          <div
            className="collapse-title text-xl font-medium text-center"
          >
            Water History
          </div>
          <div
            className="collapse-content"
          >
            <div
              className="max-h-half-screen overflow-scroll no-scrollbar"
            >
              <div
                className="mb-4"
              >
                <div
                  className="card card-compact bg-neutral text-neutral-content"
                >
                  <div
                    className="card-body text-center"
                  >
                    <p
                      className="text-lg font-bold"
                    >
                      14 hours ago
                    </p>
                    <p>
                      9:45 PM February 29, 2024
                    </p>
                  </div>
                </div>
              </div>
              <div
                className="mb-4"
              >
                <div
                  className="card card-compact bg-neutral text-neutral-content"
                >
                  <div
                    className="card-body text-center"
                  >
                    <p
                      className="text-lg font-bold"
                    >
                      1 day ago
                    </p>
                    <p>
                      2:20 AM February 29, 2024
                    </p>
                  </div>
                </div>
              </div>
            </div>
            <div
              className="flex mt-4"
            >
              <button
                className="btn btn-outline mx-auto"
                onClick={[Function]}
              >
                Edit
              </button>
            </div>
          </div>
        </div>
      </div>
      <div
        className="mb-8"
      >
        <div
          className="collapse bg-base-200 w-96 px-4 mx-auto max-w-90 md:max-w-full"
        >
          <input
            defaultChecked={false}
            onChange={[Function]}
            type="checkbox"
          />
          <div
            className="collapse-title text-xl font-medium text-center"
          >
            Fertilize History
          </div>
          <div
            className="collapse-content"
          >
            <div
              className="max-h-half-screen overflow-scroll no-scrollbar"
            >
              <div
                className="mb-4"
              >
                <div
                  className="card card-compact bg-neutral text-neutral-content"
                >
                  <div
                    className="card-body text-center"
                  >
                    <p
                      className="text-lg font-bold"
                    >
                      14 hours ago
                    </p>
                    <p>
                      9:45 PM February 29, 2024
                    </p>
                  </div>
                </div>
              </div>
              <div
                className="mb-4"
              >
                <div
                  className="card card-compact bg-neutral text-neutral-content"
                >
                  <div
                    className="card-body text-center"
                  >
                    <p
                      className="text-lg font-bold"
                    >
                      4 days ago
                    </p>
                    <p>
                      6:44 PM February 25, 2024
                    </p>
                  </div>
                </div>
              </div>
            </div>
            <div
              className="flex mt-4"
            >
              <button
                className="btn btn-outline mx-auto"
                onClick={[Function]}
              >
                Edit
              </button>
            </div>
          </div>
        </div>
      </div>
      <div
        className="md:ml-8 mb-8"
      >
        <div
          className="collapse bg-base-200 w-96 px-4 mx-auto max-w-90 md:max-w-full"
        >
          <input
            defaultChecked={false}
            onChange={[Function]}
            type="checkbox"
          />
          <div
            className="collapse-title text-xl font-medium text-center"
          >
            Prune History
          </div>
          <div
            className="collapse-content"
          >
            <div
              className="max-h-half-screen overflow-scroll no-scrollbar"
            />
            <div
              className="flex mt-4"
            >
              <button
                className="btn btn-outline mx-auto"
                onClick={[Function]}
              >
                Edit
              </button>
            </div>
          </div>
        </div>
      </div>
    </div>
    <div
      className="collapse bg-base-200 w-96 px-4 mx-auto max-w-90 md:max-w-full"
    >
      <input
        defaultChecked={false}
        onChange={[Function]}
        type="checkbox"
      />
      <div
        className="collapse-title text-xl font-medium text-center"
      >
        Photos
      </div>
      <div
        className="collapse-content"
      >
        <div
          className="mb-4"
        >
          <div
            className="card card-compact bg-neutral text-neutral-content mb-4 p-2"
          >
            <a
              href="/media/images/photo1.jpg"
            >
              <p
                className="text-lg text-center font-bold mb-2"
                title="2024:03:21 10:52:03"
              >
                in 19 days
              </p>
              <img
                alt="2024:03:21 10:52:03"
                className="rounded-2xl"
                src="/media/thumbnails/photo1_thumb.jpg"
              />
            </a>
          </div>
        </div>
        <div
          className="mb-4"
        >
          <div
            className="card card-compact bg-neutral text-neutral-content mb-4 p-2"
          >
            <a
              href="/media/images/photo2.jpg"
            >
              <p
                className="text-lg text-center font-bold mb-2"
                title="2024:03:22 10:52:03"
              >
                in 20 days
              </p>
              <img
                alt="2024:03:22 10:52:03"
                className="rounded-2xl"
                src="/media/thumbnails/photo2_thumb.jpg"
              />
            </a>
          </div>
        </div>
        <div
          className="flex mt-4"
        >
          <button
            className="btn btn-outline mx-auto"
            onClick={[Function]}
          >
            Edit
          </button>
        </div>
      </div>
    </div>
    <dialog
      className="modal"
    >
      <div
        className="modal-box text-center flex flex-col pt-4"
      >
        <form
          method="dialog"
        >
          <button
            className="btn-close absolute right-4 top-4"
          >
            <svg
              aria-hidden="true"
              className="w-8 h-8"
              data-slot="icon"
              fill="currentColor"
              viewBox="0 0 16 16"
              xmlns="http://www.w3.org/2000/svg"
            >
              <path
                d="M5.28 4.22a.75.75 0 0 0-1.06 1.06L6.94 8l-2.72 2.72a.75.75 0 1 0 1.06 1.06L8 9.06l2.72 2.72a.75.75 0 1 0 1.06-1.06L9.06 8l2.72-2.72a.75.75 0 0 0-1.06-1.06L8 6.94 5.28 4.22Z"
              />
            </svg>
          </button>
        </form>
        <h3
          className="font-bold text-lg"
        >
          Edit Details
        </h3>
        <form
          id="plantDetails"
        >
          <label
            className="form-control w-full"
          >
            <div
              className="label"
            >
              <span
                className="label-text-alt"
              >
                Plant name
              </span>
            </div>
            <input
              className="input w-full input-bordered"
              defaultValue="Test Plant"
              name="name"
              type="text"
            />
          </label>
          <label
            className="form-control w-full relative"
          >
            <div
              className="label"
            >
              <span
                className="label-text-alt"
              >
                Plant species
              </span>
            </div>
            <input
              aria-autocomplete="list"
              aria-expanded={false}
              autoComplete="off"
              className="input w-full input-bordered"
              data-headlessui-state=""
              disabled={false}
              id="headlessui-combobox-input-:r0:"
              name="species"
              onBlur={[Function]}
              onChange={[Function]}
              onCompositionEnd={[Function]}
              onCompositionStart={[Function]}
              onFocus={[Function]}
              onKeyDown={[Function]}
              role="combobox"
              type="text"
            />
          </label>
          <label
            className="form-control w-full"
          >
            <div
              className="label"
            >
              <span
                className="label-text-alt"
              >
                Pot size
              </span>
            </div>
            <input
              className="input w-full input-bordered"
              defaultValue={4}
              max="36"
              min="1"
              name="pot_size"
              type="number"
            />
          </label>
          <label
            className="form-control w-full"
          >
            <div
              className="label"
            >
              <span
                className="label-text-alt"
              >
                Description
              </span>
            </div>
            <textarea
              className="textarea textarea-bordered"
              defaultValue="This is a plant with a long description"
              name="description"
            />
          </label>
        </form>
        <div
          className="modal-action mx-auto"
        >
          <form
            method="dialog"
          >
            <button
              className="btn mr-2"
            >
              Cancel
            </button>
            <button
              className="btn ml-2"
              onClick={[Function]}
            >
              Edit
            </button>
          </form>
        </div>
      </div>
      <form
        className="modal-backdrop"
        method="dialog"
      >
        <button>
          close
        </button>
      </form>
    </dialog>
    <dialog
      className="modal"
    >
      <div
        className="modal-box text-center flex flex-col pt-4"
      >
        <form
          method="dialog"
        >
          <button
            className="btn-close absolute right-4 top-4"
          >
            <svg
              aria-hidden="true"
              className="w-8 h-8"
              data-slot="icon"
              fill="currentColor"
              viewBox="0 0 16 16"
              xmlns="http://www.w3.org/2000/svg"
            >
              <path
                d="M5.28 4.22a.75.75 0 0 0-1.06 1.06L6.94 8l-2.72 2.72a.75.75 0 1 0 1.06 1.06L8 9.06l2.72 2.72a.75.75 0 1 0 1.06-1.06L9.06 8l2.72-2.72a.75.75 0 0 0-1.06-1.06L8 6.94 5.28 4.22Z"
              />
            </svg>
          </button>
        </form>
        <p
          className="text-lg"
        >
          Add plant to tray
        </p>
        <select
          className="select select-bordered m-8"
          defaultValue=""
        >
          <option
            disabled={true}
            value=""
          >
            Select tray
          </option>
          <option
            value="0640ec3b-1bed-4b15-a078-d6e7ec66be14"
          >
            Test tray
          </option>
          <option
            value="0640ec3b-1bed-4b15-a078-d6e7ec66be61"
          >
            Testing
          </option>
        </select>
        <button
          className="btn btn-success mx-auto"
          onClick={[Function]}
        >
          Confirm
        </button>
      </div>
      <form
        className="modal-backdrop"
        method="dialog"
      >
        <button>
          close
        </button>
      </form>
    </dialog>
    <dialog
      className="modal"
    >
      <div
        className="modal-box text-center flex flex-col pt-4"
      >
        <form
          method="dialog"
        >
          <button
            className="btn-close absolute right-4 top-4"
          >
            <svg
              aria-hidden="true"
              className="w-8 h-8"
              data-slot="icon"
              fill="currentColor"
              viewBox="0 0 16 16"
              xmlns="http://www.w3.org/2000/svg"
            >
              <path
                d="M5.28 4.22a.75.75 0 0 0-1.06 1.06L6.94 8l-2.72 2.72a.75.75 0 1 0 1.06 1.06L8 9.06l2.72 2.72a.75.75 0 1 0 1.06-1.06L9.06 8l2.72-2.72a.75.75 0 0 0-1.06-1.06L8 6.94 5.28 4.22Z"
              />
            </svg>
          </button>
        </form>
        <p
          className="text-lg mb-8"
        >
          Repot plant
        </p>
        <div>
          <p>
            Repot time
          </p>
          <input
            className="input input-bordered mx-auto my-2"
            defaultValue="2024-03-01T12:00:00"
            step="1"
            type="datetime-local"
          />
        </div>
        <div
          className="my-8"
        >
          <p
            className="text-md"
          >
            New pot size
          </p>
          <div
            className="flex flex-col"
            id="headlessui-radiogroup-:r1:"
            onKeyDown={[Function]}
            role="radiogroup"
          >
            <div
              className="flex justify-center mx-auto"
            >
              <div
                aria-checked="false"
                className="pot-size w-10 h-10 md:w-12 md:h-12 bg-base-300"
                data-headlessui-state=""
                id="headlessui-radiogroup-option-:r2:"
                onBlur={[Function]}
                onClick={[Function]}
                onFocus={[Function]}
                role="radio"
                tabIndex={-1}
              >
                <span
                  className="m-auto"
                >
                  2
                </span>
              </div>
              <div
                aria-checked="false"
                className="pot-size w-10 h-10 md:w-12 md:h-12 bg-base-300"
                data-headlessui-state=""
                id="headlessui-radiogroup-option-:r3:"
                onBlur={[Function]}
                onClick={[Function]}
                onFocus={[Function]}
                role="radio"
                tabIndex={-1}
              >
                <span
                  className="m-auto"
                >
                  3
                </span>
              </div>
              <div
                aria-checked="false"
                className="pot-size w-10 h-10 md:w-12 md:h-12 bg-base-300"
                data-headlessui-state=""
                id="headlessui-radiogroup-option-:r4:"
                onBlur={[Function]}
                onClick={[Function]}
                onFocus={[Function]}
                role="radio"
                tabIndex={-1}
              >
                <span
                  className="m-auto"
                >
                  4
                </span>
              </div>
              <div
                aria-checked="true"
                className="pot-size w-10 h-10 md:w-12 md:h-12 pot-size-selected"
                data-headlessui-state="checked"
                id="headlessui-radiogroup-option-:r5:"
                onBlur={[Function]}
                onClick={[Function]}
                onFocus={[Function]}
                role="radio"
                tabIndex={0}
              >
                <span
                  className="m-auto"
                >
                  6
                </span>
              </div>
              <div
                aria-checked="false"
                className="pot-size w-10 h-10 md:w-12 md:h-12 bg-base-300"
                data-headlessui-state=""
                id="headlessui-radiogroup-option-:r6:"
                onBlur={[Function]}
                onClick={[Function]}
                onFocus={[Function]}
                role="radio"
                tabIndex={-1}
              >
                <span
                  className="m-auto"
                >
                  8
                </span>
              </div>
            </div>
            <div
              className="flex justify-center mx-auto"
            >
              <div
                aria-checked="false"
                className="pot-size w-10 h-10 md:w-12 md:h-12 bg-base-300"
                data-headlessui-state=""
                id="headlessui-radiogroup-option-:r7:"
                onBlur={[Function]}
                onClick={[Function]}
                onFocus={[Function]}
                role="radio"
                tabIndex={-1}
              >
                <span
                  className="m-auto"
                >
                  10
                </span>
              </div>
              <div
                aria-checked="false"
                className="pot-size w-10 h-10 md:w-12 md:h-12 bg-base-300"
                data-headlessui-state=""
                id="headlessui-radiogroup-option-:r8:"
                onBlur={[Function]}
                onClick={[Function]}
                onFocus={[Function]}
                role="radio"
                tabIndex={-1}
              >
                <span
                  className="m-auto"
                >
                  12
                </span>
              </div>
              <div
                aria-checked="false"
                className="pot-size w-10 h-10 md:w-12 md:h-12 bg-base-300"
                data-headlessui-state=""
                id="headlessui-radiogroup-option-:r9:"
                onBlur={[Function]}
                onClick={[Function]}
                onFocus={[Function]}
                role="radio"
                tabIndex={-1}
              >
                <span
                  className="m-auto"
                >
                  14
                </span>
              </div>
              <div
                aria-checked="false"
                className="pot-size w-10 h-10 md:w-12 md:h-12 bg-base-300"
                data-headlessui-state=""
                id="headlessui-radiogroup-option-:ra:"
                onBlur={[Function]}
                onClick={[Function]}
                onFocus={[Function]}
                role="radio"
                tabIndex={-1}
              >
                <span
                  className="m-auto"
                >
                  18
                </span>
              </div>
              <div
                aria-checked="false"
                className="pot-size w-10 h-10 md:w-12 md:h-12 bg-base-300"
                data-headlessui-state=""
                id="headlessui-radiogroup-option-:rb:"
                onBlur={[Function]}
                onClick={[Function]}
                onFocus={[Function]}
                role="radio"
                tabIndex={-1}
              >
                <span
                  className="m-auto"
                >
                  21
                </span>
              </div>
            </div>
            <div
              className="flex justify-center mx-auto"
            >
              <input
                aria-checked="false"
                className="pot-size w-32 bg-base-300"
                data-headlessui-state=""
                id="headlessui-radiogroup-option-:rc:"
                onBlur={[Function]}
                onClick={[Function]}
                onFocus={[Function]}
                placeholder="custom"
                role="radio"
                tabIndex={-1}
              />
            </div>
          </div>
        </div>
        <button
          className="btn btn-success mx-auto"
          onClick={[Function]}
        >
          Repot
        </button>
      </div>
      <form
        className="modal-backdrop"
        method="dialog"
      >
        <button>
          close
        </button>
      </form>
    </dialog>
    <dialog
      className="modal"
    >
      <div
        className="modal-box text-center flex flex-col pt-4"
      >
        <form
          method="dialog"
        >
          <button
            className="btn-close absolute right-4 top-4"
          >
            <svg
              aria-hidden="true"
              className="w-8 h-8"
              data-slot="icon"
              fill="currentColor"
              viewBox="0 0 16 16"
              xmlns="http://www.w3.org/2000/svg"
            >
              <path
                d="M5.28 4.22a.75.75 0 0 0-1.06 1.06L6.94 8l-2.72 2.72a.75.75 0 1 0 1.06 1.06L8 9.06l2.72 2.72a.75.75 0 1 0 1.06-1.06L9.06 8l2.72-2.72a.75.75 0 0 0-1.06-1.06L8 6.94 5.28 4.22Z"
              />
            </svg>
          </button>
        </form>
        <div
          className="flex flex-col"
        >
          <p
            className="text-lg mb-6"
          >
            Upload Photos
          </p>
          <div
            className="min-h-36 flex flex-col justify-center mx-auto"
          >
            <input
              accept="image/*"
              className="file-input file-input-bordered w-full max-w-xs"
              data-testid="photo-input"
              multiple="multiple"
              onChange={[Function]}
              type="file"
            />
            <div
              className="max-h-half-screen overflow-scroll"
            >
              <table
                className="table mt-2"
              >
                <tbody />
              </table>
            </div>
          </div>
          <div
            className="modal-action mx-auto"
          >
            <button
              className="btn btn-success"
              disabled={true}
              onClick={[Function]}
            >
              Upload
            </button>
          </div>
        </div>
        <div
          className="hidden"
        >
          <p
            className="text-lg mb-6"
          >
            Uploading...
          </p>
          <div
            className="h-36 flex flex-col justify-center mx-auto"
          >
            <span
              className="loading loading-spinner loading-lg"
            />
          </div>
        </div>
      </div>
      <form
        className="modal-backdrop"
        method="dialog"
      >
        <button>
          close
        </button>
      </form>
    </dialog>
  </div>,
  <div
    className="toast toast-center opacity-0 z-[-1]
                            transition-all duration-500"
  >
    <div
      className="alert alert-info gap-0"
    >
      <span />
    </div>
  </div>,
]
`;
