// Jest Snapshot v1, https://goo.gl/fbAQLP

exports[`Gallery matches snapshot for desktop layout 1`] = `
<div
  aria-hidden="true"
  inert=""
>
  <button>
    Open Gallery
  </button>
</div>
`;

exports[`Gallery matches snapshot for desktop layout 2`] = `
<div
  aria-hidden="true"
  inert=""
>
  <button>
    Open Gallery
  </button>
</div>
`;
