// Jest Snapshot v1, https://goo.gl/fbAQLP

exports[`App matches snapshot when plants and trays exist 1`] = `
[
  <div
    className="container flex flex-col min-h-screen mx-auto pb-16"
  >
    <div
      className="navbar bg-base-100 mb-4 sticky top-0 z-[99]"
    >
      <div
        className="navbar-start w-auto"
      >
        <div
          className="dropdown"
        >
          <div
            className="btn btn-ghost btn-circle"
            role="button"
            tabIndex={0}
          >
            <svg
              className="h-5 w-5"
              fill="none"
              stroke="currentColor"
              viewBox="0 0 24 24"
              xmlns="http://www.w3.org/2000/svg"
            >
              <path
                d="M4 6h16M4 12h16M4 18h7"
                strokeLinecap="round"
                strokeLinejoin="round"
                strokeWidth="2"
              />
            </svg>
          </div>
          <ul
            className="menu menu-md dropdown-content mt-3 z-[99]
                                    p-2 shadow bg-base-300 rounded-box w-52"
            tabIndex={0}
          >
            <li>
              <a
                onClick={[Function]}
              >
                Edit
              </a>
            </li>
            <li>
              <a
                onClick={[Function]}
              >
                Print QR Codes
              </a>
            </li>
            <li>
              <a
                onClick={[Function]}
              >
                Light mode
              </a>
            </li>
          </ul>
        </div>
      </div>
      <div
        className="navbar-center mx-auto"
      >
        <div
          className="dropdown dropdown-center"
        >
          <a
            className="btn btn-ghost"
            role="button"
            style={
              {
                "fontSize": "32px",
              }
            }
            tabIndex={0}
          >
            Plant Overview
          </a>
          <div
            className="dropdown-content z-[1] flex"
            tabIndex={0}
          />
        </div>
      </div>
      <div
        className="navbar-end w-auto invisible"
      >
        <div
          className="btn btn-ghost btn-circle"
          role="button"
          tabIndex={0}
        >
          <svg
            className="h-5 w-5"
            fill="none"
            stroke="currentColor"
            viewBox="0 0 24 24"
            xmlns="http://www.w3.org/2000/svg"
          >
            <path
              d="M4 6h16M4 12h16M4 18h7"
              strokeLinecap="round"
              strokeLinejoin="round"
              strokeWidth="2"
            />
          </svg>
        </div>
      </div>
    </div>
    <div
      className="grid grid-cols-1 md:grid-cols-2 mx-auto"
    >
      <div
        className="md:mr-12 mb-8 md:mb-0"
      >
        <div
          className="collapse bg-base-200 w-96 px-4 mx-auto max-w-90 md:max-w-full"
        >
          <input
            defaultChecked={true}
            onChange={[Function]}
            type="checkbox"
          />
          <div
            className="collapse-title text-xl font-medium text-center"
          >
            Plants (1)
          </div>
          <div
            className="collapse-content min-w-0"
          >
            <div
              className="px-4 mb-4 relative"
            >
              <input
                className="input input-bordered w-full text-center pr-10"
                onChange={[Function]}
                placeholder="filter"
                style={
                  {
                    "textIndent": "1.625rem",
                  }
                }
                type="text"
                value=""
              />
              <button
                className="btn-close absolute right-6 top-2
                        opacity-0 -z-10"
                onClick={[Function]}
              >
                <svg
                  aria-hidden="true"
                  className="w-8 h-8"
                  data-slot="icon"
                  fill="currentColor"
                  viewBox="0 0 16 16"
                  xmlns="http://www.w3.org/2000/svg"
                >
                  <path
                    d="M5.28 4.22a.75.75 0 0 0-1.06 1.06L6.94 8l-2.72 2.72a.75.75 0 1 0 1.06 1.06L8 9.06l2.72 2.72a.75.75 0 1 0 1.06-1.06L9.06 8l2.72-2.72a.75.75 0 0 0-1.06-1.06L8 6.94 5.28 4.22Z"
                  />
                </svg>
              </button>
            </div>
            <div
              className="mb-4"
            >
              <div
                className="card card-side bg-neutral text-neutral-content mx-auto relative
                     cursor-pointer
                "
                onClick={[Function]}
              >
                <figure
                  className="h-24 w-20 min-h-20 min-w-20"
                >
                  <img
                    className="w-full h-full object-cover"
                    src="/media/thumbnails/photo_thumb.jpg"
                  />
                </figure>
                <div
                  className="card-body my-auto text-start"
                >
                  <h2
                    className="card-title line-clamp-1 pr-8"
                  >
                    Test Plant
                  </h2>
                  <span>
                    <svg
                      aria-hidden="true"
                      className="svg-inline--fa fa-droplet mr-2 text-info"
                      data-icon="droplet"
                      data-prefix="fas"
                      focusable="false"
                      role="img"
                      style={{}}
                      viewBox="0 0 384 512"
                      xmlns="http://www.w3.org/2000/svg"
                    >
                      <path
                        d="M192 512C86 512 0 426 0 320C0 228.8 130.2 57.7 166.6 11.7C172.6 4.2 181.5 0 191.1 0h1.8c9.6 0 18.5 4.2 24.5 11.7C253.8 57.7 384 228.8 384 320c0 106-86 192-192 192zM96 336c0-8.8-7.2-16-16-16s-16 7.2-16 16c0 61.9 50.1 112 112 112c8.8 0 16-7.2 16-16s-7.2-16-16-16c-44.2 0-80-35.8-80-80z"
                        fill="currentColor"
                        style={{}}
                      />
                    </svg>
                    4 days ago
                  </span>
                </div>
                <button
                  className="btn-close absolute right-2 top-8 z-40"
                  onClick={[Function]}
                  role="button"
                  tabIndex={0}
                >
                  <svg
                    aria-hidden="true"
                    className="w-8 h-8"
                    data-slot="icon"
                    fill="currentColor"
                    viewBox="0 0 16 16"
                    xmlns="http://www.w3.org/2000/svg"
                  >
                    <path
                      clipRule="evenodd"
                      d="M4.22 6.22a.75.75 0 0 1 1.06 0L8 8.94l2.72-2.72a.75.75 0 1 1 1.06 1.06l-3.25 3.25a.75.75 0 0 1-1.06 0L4.22 7.28a.75.75 0 0 1 0-1.06Z"
                      fillRule="evenodd"
                    />
                  </svg>
                </button>
              </div>
              <div
                className="collapse bg-neutral rounded-t-none
                
            "
              >
                <input
                  className="hidden"
                  defaultChecked={false}
                  onChange={[Function]}
                  type="checkbox"
                />
                <div
                  className="collapse-content"
                >
                  <p
                    className="flex"
                  >
                    <span
                      className="font-semibold"
                    >
                      Species:
                    </span>
                    <span
                      className="ml-auto text-right"
                    >
                      Calathea
                    </span>
                  </p>
                  <p
                    className="flex"
                  >
                    <span
                      className="font-semibold"
                    >
                      Pot size:
                    </span>
                    <span
                      className="ml-auto text-right"
                    >
                      4
                    </span>
                  </p>
                  <div
                    className="hidden"
                  >
                    <p
                      className="font-semibold mt-3"
                    >
                      Description:
                    </p>
                    <p
                      className="text-sm line-clamp-6"
                    />
                  </div>
                </div>
              </div>
            </div>
          </div>
        </div>
      </div>
      <div
        className="md:ml-12"
      >
        <div
          className="collapse bg-base-200 w-96 px-4 mx-auto max-w-90 md:max-w-full"
        >
          <input
            defaultChecked={true}
            onChange={[Function]}
            type="checkbox"
          />
          <div
            className="collapse-title text-xl font-medium text-center"
          >
            Trays (1)
          </div>
          <div
            className="collapse-content min-w-0"
          >
            <div
              className="px-4 mb-4 relative"
            >
              <input
                className="input input-bordered w-full text-center pr-10"
                onChange={[Function]}
                placeholder="filter"
                style={
                  {
                    "textIndent": "1.625rem",
                  }
                }
                type="text"
                value=""
              />
              <button
                className="btn-close absolute right-6 top-2
                        opacity-0 -z-10"
                onClick={[Function]}
              >
                <svg
                  aria-hidden="true"
                  className="w-8 h-8"
                  data-slot="icon"
                  fill="currentColor"
                  viewBox="0 0 16 16"
                  xmlns="http://www.w3.org/2000/svg"
                >
                  <path
                    d="M5.28 4.22a.75.75 0 0 0-1.06 1.06L6.94 8l-2.72 2.72a.75.75 0 1 0 1.06 1.06L8 9.06l2.72 2.72a.75.75 0 1 0 1.06-1.06L9.06 8l2.72-2.72a.75.75 0 0 0-1.06-1.06L8 6.94 5.28 4.22Z"
                  />
                </svg>
              </button>
            </div>
            <div
              className="mb-4"
            >
              <div
                className="card bg-neutral text-neutral-content mx-auto w-full cursor-pointer"
                onClick={[Function]}
              >
                <div
                  className="card-body text-center"
                >
                  <h2
                    className="card-title mx-auto"
                  >
                    Test tray
                  </h2>
                  <p>
                    Contains 
                    4
                     plants
                  </p>
                </div>
              </div>
            </div>
          </div>
        </div>
      </div>
    </div>
    <dialog
      className="modal"
    >
      <div
        className="modal-box text-center flex flex-col pt-4 "
      >
        <form
          method="dialog"
        >
          <button
            className="btn-close absolute right-4 top-4"
          >
            <svg
              aria-hidden="true"
              className="w-8 h-8"
              data-slot="icon"
              fill="currentColor"
              viewBox="0 0 16 16"
              xmlns="http://www.w3.org/2000/svg"
            >
              <path
                d="M5.28 4.22a.75.75 0 0 0-1.06 1.06L6.94 8l-2.72 2.72a.75.75 0 1 0 1.06 1.06L8 9.06l2.72 2.72a.75.75 0 1 0 1.06-1.06L9.06 8l2.72-2.72a.75.75 0 0 0-1.06-1.06L8 6.94 5.28 4.22Z"
              />
            </svg>
          </button>
        </form>
        <h3
          className="font-bold text-lg mb-6"
        >
          Select QR Code Size
        </h3>
        <div
          className="h-36 flex flex-col justify-center"
        >
          <div
            aria-orientation="horizontal"
            className="tab-group"
            role="tablist"
          >
            <button
              aria-selected={true}
              className="tab-option tab-option-selected"
              data-headlessui-state="selected"
              id="headlessui-tabs-tab-:r0:"
              onClick={[Function]}
              onKeyDown={[Function]}
              onMouseDown={[Function]}
              role="tab"
              tabIndex={0}
              type="button"
            >
              small
            </button>
            <button
              aria-selected={false}
              className="tab-option "
              data-headlessui-state=""
              id="headlessui-tabs-tab-:r1:"
              onClick={[Function]}
              onKeyDown={[Function]}
              onMouseDown={[Function]}
              role="tab"
              tabIndex={-1}
              type="button"
            >
              medium
            </button>
            <button
              aria-selected={false}
              className="tab-option "
              data-headlessui-state=""
              id="headlessui-tabs-tab-:r2:"
              onClick={[Function]}
              onKeyDown={[Function]}
              onMouseDown={[Function]}
              role="tab"
              tabIndex={-1}
              type="button"
            >
              large
            </button>
          </div>
          <div
            className="mt-4"
          >
            <div
              data-headlessui-state="selected"
              id="headlessui-tabs-panel-:r3:"
              role="tabpanel"
              tabIndex={0}
            >
              <span
                className="text-center"
              >
                About ¾ inch wide
                <br />
                96
                 QR codes per sheet
              </span>
            </div>
            <span
              aria-hidden="true"
              id="headlessui-tabs-panel-:r4:"
              role="tabpanel"
              style={
                {
                  "borderWidth": "0",
                  "clip": "rect(0, 0, 0, 0)",
                  "height": 0,
                  "left": 1,
                  "margin": -1,
                  "overflow": "hidden",
                  "padding": 0,
                  "position": "fixed",
                  "top": 1,
                  "whiteSpace": "nowrap",
                  "width": 1,
                }
              }
              tabIndex={-1}
            />
            <span
              aria-hidden="true"
              id="headlessui-tabs-panel-:r5:"
              role="tabpanel"
              style={
                {
                  "borderWidth": "0",
                  "clip": "rect(0, 0, 0, 0)",
                  "height": 0,
                  "left": 1,
                  "margin": -1,
                  "overflow": "hidden",
                  "padding": 0,
                  "position": "fixed",
                  "top": 1,
                  "whiteSpace": "nowrap",
                  "width": 1,
                }
              }
              tabIndex={-1}
            />
          </div>
        </div>
        <div
          className="modal-action mx-auto"
        >
          <button
            className="btn btn-accent"
            onClick={[Function]}
          >
            Generate
          </button>
        </div>
      </div>
      <form
        className="modal-backdrop"
        method="dialog"
      >
        <button>
          close
        </button>
      </form>
    </dialog>
  </div>,
  <dialog
    className="modal"
  >
    <div
      className="modal-box text-center flex flex-col pt-4 "
    >
      <form
        method="dialog"
      >
        <button
          className="btn-close absolute right-4 top-4"
        >
          <svg
            aria-hidden="true"
            className="w-8 h-8"
            data-slot="icon"
            fill="currentColor"
            viewBox="0 0 16 16"
            xmlns="http://www.w3.org/2000/svg"
          >
            <path
              d="M5.28 4.22a.75.75 0 0 0-1.06 1.06L6.94 8l-2.72 2.72a.75.75 0 1 0 1.06 1.06L8 9.06l2.72 2.72a.75.75 0 1 0 1.06-1.06L9.06 8l2.72-2.72a.75.75 0 0 0-1.06-1.06L8 6.94 5.28 4.22Z"
            />
          </svg>
        </button>
      </form>
      <h3
        className="font-bold text-lg mb-6"
      >
        Error
      </h3>
      <div
        className="min-h-36 flex flex-col justify-center mx-auto"
      />
      <div
        className="modal-action mx-auto"
      >
        <button
          className="btn"
          onClick={[Function]}
        >
          OK
        </button>
      </div>
    </div>
    <form
      className="modal-backdrop"
      method="dialog"
    >
      <button>
        close
      </button>
    </form>
  </dialog>,
]
`;
