// Jest Snapshot v1, https://goo.gl/fbAQLP

exports[`App matches snapshot 1`] = `
[
  <div
    className="container flex flex-col mx-auto mb-8"
  >
    <div
      className="navbar bg-base-100 mb-4 sticky top-0 z-[99]"
    >
      <div
        className="navbar-start w-auto"
      >
        <div
          className="dropdown"
        >
          <div
            className="btn btn-ghost btn-circle"
            role="button"
            tabIndex={0}
          >
            <svg
              className="h-5 w-5"
              fill="none"
              stroke="currentColor"
              viewBox="0 0 24 24"
              xmlns="http://www.w3.org/2000/svg"
            >
              <path
                d="M4 6h16M4 12h16M4 18h7"
                strokeLinecap="round"
                strokeLinejoin="round"
                strokeWidth="2"
              />
            </svg>
          </div>
          <ul
            className="menu menu-md dropdown-content mt-3 z-[99]
                                    p-2 shadow bg-base-300 rounded-box w-52"
            tabIndex={0}
          >
            <li>
              <a
                onClick={[Function]}
              >
                Overview
              </a>
            </li>
            <li>
              <a
                onClick={[Function]}
              >
                Add plants
              </a>
            </li>
            <li>
              <a
                onClick={[Function]}
              >
                Remove plants
              </a>
            </li>
            <li>
              <a
                onClick={[Function]}
              >
                Light mode
              </a>
            </li>
          </ul>
        </div>
      </div>
      <div
        className="navbar-center mx-auto"
      >
        <div
          className="dropdown dropdown-center"
        >
          <a
            className="btn btn-ghost"
            role="button"
            style={
              {
                "fontSize": "32px",
              }
            }
            tabIndex={0}
          >
            Test tray
          </a>
          <div
            className="dropdown-content z-[1] flex"
            tabIndex={0}
          >
            <div
              className="card card-compact w-72 p-2 mt-2 mx-auto
                        shadow bg-neutral text-neutral-content"
            >
              <div
                className="card-body"
              >
                <p
                  className="flex"
                >
                  <span
                    className="font-semibold"
                  >
                    Location:
                  </span>
                  <span
                    className="ml-auto text-right"
                  >
                    Middle shelf
                  </span>
                </p>
                <div
                  className="hidden"
                >
                  <p
                    className="font-semibold mt-3"
                  >
                    Description:
                  </p>
                  <p
                    className="text-sm line-clamp-6"
                  />
                </div>
                <button
                  className="btn btn-sm mt-4"
                  onClick={[Function]}
                >
                  Edit
                </button>
              </div>
            </div>
          </div>
        </div>
      </div>
      <div
        className="navbar-end w-auto invisible"
      >
        <div
          className="btn btn-ghost btn-circle"
          role="button"
          tabIndex={0}
        >
          <svg
            className="h-5 w-5"
            fill="none"
            stroke="currentColor"
            viewBox="0 0 24 24"
            xmlns="http://www.w3.org/2000/svg"
          >
            <path
              d="M4 6h16M4 12h16M4 18h7"
              strokeLinecap="round"
              strokeLinejoin="round"
              strokeWidth="2"
            />
          </svg>
        </div>
      </div>
    </div>
    <input
      className="input input-bordered mx-auto my-2"
      defaultValue="2024-03-01T12:00:00"
      id="addEventAllTime"
      step="1"
      type="datetime-local"
    />
    <div
      className="flex mx-auto mb-8"
    >
      <button
        className="btn btn-info m-2"
        onClick={[Function]}
      >
        Water All
      </button>
      <button
        className="btn btn-success m-2"
        onClick={[Function]}
      >
        Fertilize All
      </button>
    </div>
    <div
      className="collapse bg-base-200 w-96 px-4 mx-auto max-w-90 md:max-w-full"
    >
      <input
        defaultChecked={true}
        onChange={[Function]}
        type="checkbox"
      />
      <div
        className="collapse-title text-xl font-medium text-center"
      >
        Plants (2)
      </div>
      <div
        className="collapse-content"
      >
        <div
          className="px-4 mb-4 relative"
        >
          <input
            className="input input-bordered w-full text-center pr-10"
            onChange={[Function]}
            placeholder="filter"
            style={
              {
                "textIndent": "1.625rem",
              }
            }
            type="text"
            value=""
          />
          <button
            className="btn-close absolute right-6 top-2
                        opacity-0 -z-10"
            onClick={[Function]}
          >
            <svg
              aria-hidden="true"
              className="w-8 h-8"
              data-slot="icon"
              fill="currentColor"
              viewBox="0 0 16 16"
              xmlns="http://www.w3.org/2000/svg"
            >
              <path
                d="M5.28 4.22a.75.75 0 0 0-1.06 1.06L6.94 8l-2.72 2.72a.75.75 0 1 0 1.06 1.06L8 9.06l2.72 2.72a.75.75 0 1 0 1.06-1.06L9.06 8l2.72-2.72a.75.75 0 0 0-1.06-1.06L8 6.94 5.28 4.22Z"
              />
            </svg>
          </button>
        </div>
        <div
          className="mb-4"
        >
          <div
            className="card card-side bg-neutral text-neutral-content mx-auto relative
                    
                "
            onClick={[Function]}
          >
            <div
              className="card-body text-center"
            >
              <h2
                className="card-title mx-auto px-8 line-clamp-1"
              >
                Test Plant
              </h2>
              <span>
                <svg
                  aria-hidden="true"
                  className="svg-inline--fa fa-droplet mr-2 text-info"
                  data-icon="droplet"
                  data-prefix="fas"
                  focusable="false"
                  role="img"
                  style={{}}
                  viewBox="0 0 384 512"
                  xmlns="http://www.w3.org/2000/svg"
                >
                  <path
                    d="M192 512C86 512 0 426 0 320C0 228.8 130.2 57.7 166.6 11.7C172.6 4.2 181.5 0 191.1 0h1.8c9.6 0 18.5 4.2 24.5 11.7C253.8 57.7 384 228.8 384 320c0 106-86 192-192 192zM96 336c0-8.8-7.2-16-16-16s-16 7.2-16 16c0 61.9 50.1 112 112 112c8.8 0 16-7.2 16-16s-7.2-16-16-16c-44.2 0-80-35.8-80-80z"
                    fill="currentColor"
                    style={{}}
                  />
                </svg>
                14 hours ago
              </span>
            </div>
            <button
              className="btn-close absolute right-2 top-8 z-40"
              onClick={[Function]}
              role="button"
              tabIndex={0}
            >
              <svg
                aria-hidden="true"
                className="w-8 h-8"
                data-slot="icon"
                fill="currentColor"
                viewBox="0 0 16 16"
                xmlns="http://www.w3.org/2000/svg"
              >
                <path
                  clipRule="evenodd"
                  d="M4.22 6.22a.75.75 0 0 1 1.06 0L8 8.94l2.72-2.72a.75.75 0 1 1 1.06 1.06l-3.25 3.25a.75.75 0 0 1-1.06 0L4.22 7.28a.75.75 0 0 1 0-1.06Z"
                  fillRule="evenodd"
                />
              </svg>
            </button>
          </div>
          <div
            className="collapse bg-neutral rounded-t-none
                
            "
          >
            <input
              className="hidden"
              defaultChecked={false}
              onChange={[Function]}
              type="checkbox"
            />
            <div
              className="collapse-content"
            >
              <p
                className="flex"
              >
                <span
                  className="font-semibold"
                >
                  Species:
                </span>
                <span
                  className="ml-auto text-right"
                >
                  Calathea
                </span>
              </p>
              <p
                className="flex"
              >
                <span
                  className="font-semibold"
                >
                  Pot size:
                </span>
                <span
                  className="ml-auto text-right"
                >
                  4
                </span>
              </p>
              <div
                className="text-center"
              >
                <p
                  className="font-semibold mt-3"
                >
                  Description:
                </p>
                <p
                  className="text-sm line-clamp-6"
                >
                  This is a plant with a long description with
                </p>
              </div>
            </div>
          </div>
        </div>
        <div
          className="mb-4"
        >
          <div
            className="card card-side bg-neutral text-neutral-content mx-auto relative
                    
                "
            onClick={[Function]}
          >
            <figure
              className="h-24 w-20 min-h-20 min-w-20"
            >
              <img
                className="w-full h-full object-cover"
                src="/media/thumbnails/photo_thumb.jpg"
              />
            </figure>
            <div
              className="card-body my-auto"
            >
              <h2
                className="card-title line-clamp-1 pr-8"
              >
                Unnamed Spider Plant
              </h2>
              <span>
                <svg
                  aria-hidden="true"
                  className="svg-inline--fa fa-droplet mr-2 text-info"
                  data-icon="droplet"
                  data-prefix="fas"
                  focusable="false"
                  role="img"
                  style={{}}
                  viewBox="0 0 384 512"
                  xmlns="http://www.w3.org/2000/svg"
                >
                  <path
                    d="M192 512C86 512 0 426 0 320C0 228.8 130.2 57.7 166.6 11.7C172.6 4.2 181.5 0 191.1 0h1.8c9.6 0 18.5 4.2 24.5 11.7C253.8 57.7 384 228.8 384 320c0 106-86 192-192 192zM96 336c0-8.8-7.2-16-16-16s-16 7.2-16 16c0 61.9 50.1 112 112 112c8.8 0 16-7.2 16-16s-7.2-16-16-16c-44.2 0-80-35.8-80-80z"
                    fill="currentColor"
                    style={{}}
                  />
                </svg>
                14 hours ago
              </span>
            </div>
            <button
              className="btn-close absolute right-2 top-8 z-40"
              onClick={[Function]}
              role="button"
              tabIndex={0}
            >
              <svg
                aria-hidden="true"
                className="w-8 h-8"
                data-slot="icon"
                fill="currentColor"
                viewBox="0 0 16 16"
                xmlns="http://www.w3.org/2000/svg"
              >
                <path
                  clipRule="evenodd"
                  d="M4.22 6.22a.75.75 0 0 1 1.06 0L8 8.94l2.72-2.72a.75.75 0 1 1 1.06 1.06l-3.25 3.25a.75.75 0 0 1-1.06 0L4.22 7.28a.75.75 0 0 1 0-1.06Z"
                  fillRule="evenodd"
                />
              </svg>
            </button>
          </div>
          <div
            className="collapse bg-neutral rounded-t-none
                
            "
          >
            <input
              className="hidden"
              defaultChecked={false}
              onChange={[Function]}
              type="checkbox"
            />
            <div
              className="collapse-content"
            >
              <p
                className="flex"
              >
                <span
                  className="font-semibold"
                >
                  Species:
                </span>
                <span
                  className="ml-auto text-right"
                >
                  Spider Plant
                </span>
              </p>
              <p
                className="flex"
              >
                <span
                  className="font-semibold"
                >
                  Pot size:
                </span>
                <span
                  className="ml-auto text-right"
                >
                  2
                </span>
              </p>
              <div
                className="hidden"
              >
                <p
                  className="font-semibold mt-3"
                >
                  Description:
                </p>
                <p
                  className="text-sm line-clamp-6"
                />
              </div>
            </div>
          </div>
        </div>
        <div
          className="flex"
        >
          <button
            className="btn btn-outline mx-auto"
            onClick={[Function]}
          >
            Manage
          </button>
        </div>
      </div>
    </div>
    <dialog
      className="modal"
    >
      <div
        className="modal-box text-center flex flex-col pt-4"
      >
        <form
          method="dialog"
        >
          <button
            className="btn-close absolute right-4 top-4"
          >
            <svg
              aria-hidden="true"
              className="w-8 h-8"
              data-slot="icon"
              fill="currentColor"
              viewBox="0 0 16 16"
              xmlns="http://www.w3.org/2000/svg"
            >
              <path
                d="M5.28 4.22a.75.75 0 0 0-1.06 1.06L6.94 8l-2.72 2.72a.75.75 0 1 0 1.06 1.06L8 9.06l2.72 2.72a.75.75 0 1 0 1.06-1.06L9.06 8l2.72-2.72a.75.75 0 0 0-1.06-1.06L8 6.94 5.28 4.22Z"
              />
            </svg>
          </button>
        </form>
        <h3
          className="font-bold text-lg"
        >
          Edit Details
        </h3>
        <form
          id="trayDetails"
        >
          <label
            className="form-control w-full"
          >
            <div
              className="label"
            >
              <span
                className="label-text-alt"
              >
                Tray name
              </span>
            </div>
            <input
              className="input w-full input-bordered"
              defaultValue="Test tray"
              name="name"
              type="text"
            />
          </label>
          <label
            className="form-control w-full"
          >
            <div
              className="label"
            >
              <span
                className="label-text-alt"
              >
                Tray location
              </span>
            </div>
            <input
              className="input w-full input-bordered"
              defaultValue="Middle shelf"
              name="location"
              type="text"
            />
          </label>
          <label
            className="form-control w-full"
          >
            <div
              className="label"
            >
              <span
                className="label-text-alt"
              >
                Description
              </span>
            </div>
            <textarea
              className="textarea textarea-bordered"
              defaultValue={null}
              name="description"
            />
          </label>
        </form>
        <div
          className="modal-action mx-auto"
        >
          <form
            method="dialog"
          >
            <button
              className="btn mr-2"
            >
              Cancel
            </button>
            <button
              className="btn ml-2"
              onClick={[Function]}
            >
              Edit
            </button>
          </form>
        </div>
      </div>
      <form
        className="modal-backdrop"
        method="dialog"
      >
        <button>
          close
        </button>
      </form>
    </dialog>
    <dialog
      className="modal"
    >
      <div
        className="modal-box text-center flex flex-col pt-4"
      >
        <form
          method="dialog"
        >
          <button
            className="btn-close absolute right-4 top-4"
          >
            <svg
              aria-hidden="true"
              className="w-8 h-8"
              data-slot="icon"
              fill="currentColor"
              viewBox="0 0 16 16"
              xmlns="http://www.w3.org/2000/svg"
            >
              <path
                d="M5.28 4.22a.75.75 0 0 0-1.06 1.06L6.94 8l-2.72 2.72a.75.75 0 1 0 1.06 1.06L8 9.06l2.72 2.72a.75.75 0 1 0 1.06-1.06L9.06 8l2.72-2.72a.75.75 0 0 0-1.06-1.06L8 6.94 5.28 4.22Z"
              />
            </svg>
          </button>
        </form>
        <p
          className="font-bold text-2xl mb-8"
        >
          Add Plants
        </p>
        <div
          className="flex mb-4"
        >
          <label
            className="label cursor-pointer"
          >
            <input
              className="radio checked:bg-blue-500"
              defaultChecked={false}
              onChange={[Function]}
              type="checkbox"
            />
          </label>
          <div
            className="ml-2 w-full"
          >
            <div
              className="card bg-neutral text-neutral-content mx-auto w-full"
            >
              <div
                className="card-body text-center"
              >
                <h2
                  className="card-title mx-auto"
                >
                  Another test plant
                </h2>
              </div>
            </div>
          </div>
        </div>
        <div
          className="flex mb-4"
        >
          <label
            className="label cursor-pointer"
          >
            <input
              className="radio checked:bg-blue-500"
              defaultChecked={false}
              onChange={[Function]}
              type="checkbox"
            />
          </label>
          <div
            className="ml-2 w-full"
          >
            <div
              className="card bg-neutral text-neutral-content mx-auto w-full"
            >
              <div
                className="card-body text-center"
              >
                <h2
                  className="card-title mx-auto"
                >
                  Third test plant
                </h2>
              </div>
            </div>
          </div>
        </div>
        <div
          className="modal-action mx-auto"
        >
          <form
            method="dialog"
          >
            <button
              className="btn mr-2"
            >
              Cancel
            </button>
            <button
              className="btn btn-success ml-2"
              onClick={[Function]}
            >
              Add
            </button>
          </form>
        </div>
      </div>
      <form
        className="modal-backdrop"
        method="dialog"
      >
        <button>
          close
        </button>
      </form>
    </dialog>
    <dialog
      className="modal"
    >
      <div
        className="modal-box text-center flex flex-col pt-4"
      >
        <form
          method="dialog"
        >
          <button
            className="btn-close absolute right-4 top-4"
          >
            <svg
              aria-hidden="true"
              className="w-8 h-8"
              data-slot="icon"
              fill="currentColor"
              viewBox="0 0 16 16"
              xmlns="http://www.w3.org/2000/svg"
            >
              <path
                d="M5.28 4.22a.75.75 0 0 0-1.06 1.06L6.94 8l-2.72 2.72a.75.75 0 1 0 1.06 1.06L8 9.06l2.72 2.72a.75.75 0 1 0 1.06-1.06L9.06 8l2.72-2.72a.75.75 0 0 0-1.06-1.06L8 6.94 5.28 4.22Z"
              />
            </svg>
          </button>
        </form>
        <p
          className="font-bold text-2xl mb-8"
        >
          Remove Plants
        </p>
        <div
          className="flex mb-4"
        >
          <label
            className="label cursor-pointer"
          >
            <input
              className="radio checked:bg-blue-500"
              defaultChecked={false}
              onChange={[Function]}
              type="checkbox"
            />
          </label>
          <div
            className="ml-2 w-full"
          >
            <div
              className="card bg-neutral text-neutral-content mx-auto w-full"
            >
              <div
                className="card-body text-center"
              >
                <h2
                  className="card-title mx-auto"
                >
                  Test Plant
                </h2>
              </div>
            </div>
          </div>
        </div>
        <div
          className="flex mb-4"
        >
          <label
            className="label cursor-pointer"
          >
            <input
              className="radio checked:bg-blue-500"
              defaultChecked={false}
              onChange={[Function]}
              type="checkbox"
            />
          </label>
          <div
            className="ml-2 w-full"
          >
            <div
              className="card bg-neutral text-neutral-content mx-auto w-full"
            >
              <div
                className="card-body text-center"
              >
                <h2
                  className="card-title mx-auto"
                >
                  Unnamed Spider Plant
                </h2>
              </div>
            </div>
          </div>
        </div>
        <div
          className="modal-action mx-auto"
        >
          <form
            method="dialog"
          >
            <button
              className="btn mr-2"
            >
              Cancel
            </button>
            <button
              className="btn btn-error ml-2"
              onClick={[Function]}
            >
              Remove
            </button>
          </form>
        </div>
      </div>
      <form
        className="modal-backdrop"
        method="dialog"
      >
        <button>
          close
        </button>
      </form>
    </dialog>
  </div>,
  <div
    className="toast toast-center opacity-0 z-[-1] transition-all duration-500"
  >
    <div
      className="alert alert-info gap-0"
    >
      <span />
    </div>
  </div>,
]
`;
